@ NAME             %04s "SUMM"
@ TYPE             %04s "SUMM"
@ TITLE            %33s "ALBA-24                          "
@ ORIGIN           %16s "5.07.00 Linux 64"
@ DATE             %08s "09/11/21"
@ TIME             %08s "10.41.33"
*             LENGTH             ORBIT5               ALFA            GAMMATR                 Q1                DQ1            BETXMAX              DXMAX              DXRMS             XCOMAX             XCORMS                 Q2                DQ2            BETYMAX              DYMAX              DYRMS             YCOMAX             YCORMS             DELTAP            SYNCH_1            SYNCH_2            SYNCH_3            SYNCH_4            SYNCH_5            SYNCH_6            SYNCH_8             NFLIPS 
$                %le                %le                %le                %le                %le                %le                %le                %le                %le                %le                %le                %le                %le                %le                %le                %le                %le                %le                %le                %le                %le                %le                %le                %le                %le                %le                %le 
          67.200074     0.002156961081    0.0008829339348        33.65393841         4.54474663       0.3280505993        17.73706873       0.2344520762       0.1455152745    1.388447088e-05    5.588613468e-06        2.093002659       0.1526855382        19.36583074                 -0                  0                  0                  0                  0                  0                  0                  0                  0                  0                  0                  0                  0
