@ NAME             %04s "CORR"
@ TYPE             %04s "CORR"
@ TITLE            %01s "s"
@ ORIGIN           %16s "5.05.02 Linux 64"
@ DATE             %08s "29/07/20"
@ TIME             %08s "16.24.44"
* NAME                           PX.OLD             PY.OLD      PX.CORRECTION      PY.CORRECTION 
$ %s                                %le                %le                %le                %le 
 "CBH.10"                             0                  0                  0                  0
 "CBH.11"                             0                  0   -6.350203952e-06                  0
 "CBV.1"                              0                  0                  0                  0
 "CBH.20"                             0                  0                  0                  0
 "CBH.21"                             0                  0    3.098691197e-05                  0
 "CBV.2"                              0                  0                  0                  0
 "CBH.30"                             0                  0                  0                  0
 "CBH.31"                             0                  0   -5.796614431e-06                  0
 "CBV.30"                             0                  0                  0                  0
 "CBV.31"                             0                  0                  0                  0
 "CBH.40"                             0                  0                  0                  0
 "CBH.41"                             0                  0    6.612384606e-05                  0
 "CBV.4"                              0                  0                  0                  0
 "CBH.50"                             0                  0                  0                  0
 "CBH.51"                             0                  0    4.546535146e-06                  0
 "CBV.5"                              0                  0                  0                  0
