@ NAME             %05s "MYTAB"
@ TYPE             %04s "USER"
@ TITLE            %08s "no-title"
@ ORIGIN           %16s "5.05.02 Linux 64"
@ DATE             %08s "29/07/20"
@ TIME             %08s "16.23.29"
*             METHOD           PARTICLE                  X                 PX                  Y                 PY                  T                 PT 
$                %le                %le                %le                %le                %le                %le                %le                %le 
                  1                  1     0.000956993052    3.268034491e-06                  0                  0   -0.0004821455786                  0
                  1                  2      0.09569930348    0.0003268034299                  0                  0     -0.04821911016                  0
                  2                  1     0.000956993052    3.268034491e-06                  0                  0   -0.0004821455786                  0
                  2                  2       0.0956993052    0.0003268034491                  0                  0     -0.04821911066                  0
