@ NAME             %13s "MY_SECT_TABLE"
@ TYPE             %09s "SECTORMAP"
@ TITLE            %08s "no-title"
@ ORIGIN           %16s "5.06.00 Linux 64"
@ DATE             %08s "31/08/20"
@ TIME             %08s "16.53.55"
* NAME                              POS                 K1                R11                R66               T111               T666 
$ %s                                %le                %le                %le                %le                %le                %le 
 "FIVECELL$START"                     0                  0                  1                  1                  0                  0
 "SEQSTART"                           0                  0                  1                  1                  0                  0
 "QF.1"                             3.1   -1.305314637e-05        1.042224745                  1                  0                  0
 "DRIFT_0"                        3.265    5.505714157e-21                  1                  1                  0                  0
 "MSCBH"                          4.365   -1.683027014e-15       0.9999972926                  1     0.006004411526                  0
 "CBH.1"                          4.365                  0                  1                  1                  0                  0
 "DRIFT_1"                  5.519992305                  0                  1                  1                  0                  0
 "MB"                       19.72000769    1.283308737e-18       0.9999740809                  1    9.341371956e-09                  0
 "DRIFT_2"                  21.17999231    4.065758147e-20                  1                  1                  0                  0
 "MB"                       35.38000769    3.001877197e-18       0.9999740809                  1    9.341371956e-09                  0
 "DRIFT_3"                  36.83999231    2.371692252e-20                  1                  1                  0                  0
 "MB"                       51.04000769    4.765545523e-18       0.9999740809                  1    9.341371956e-09                  0
 "DRIFT_4"                        52.21    5.759824041e-20                  1                  1                  0                  0
 "INS$START"                      52.21                  0                  1                  1                  0                  0
 "DRIFT_5"                        52.31    3.197549376e-20                  1                  1                  0                  0
 "BPV.1"                          52.61    2.032879073e-20                  1                  1                  0                  0
 "DRIFT_6"                        53.46   -2.541098842e-20                  1                  1                  0                  0
 "QD.1"                           56.56    8.131516294e-20       0.9583553532                  1                  0                  0
 "DRIFT_7"                        56.66    1.031262613e-19                  1                  1                  0                  0
 "BB"                             56.66                  0                  1                  1                  0                  0
 "DRIFT_8"                        56.68   -3.774590571e-20                  1                  1                  0                  0
 "QTM"                            56.68                  0                  1                  1                  0                  0
 "DRIFT_9"                       56.725    1.058791184e-19                  1                  1                  0                  0
 "MSCBV.1"                       57.825   -1.310060969e-13         1.00002668                  1     -0.01198543811                  0
 "INS$END"                       57.825                  0                  1                  1                  0                  0
 "CBV.1"                         57.825                  0                  1                  1                  0                  0
 "DRIFT_10"                 58.97999231    2.371692252e-20                  1                  1                  0                  0
 "MB"                       73.18000769    2.161596198e-18       0.9999739259                  1    9.341371956e-09                  0
 "DRIFT_11"                 74.63999231   -4.404571326e-20                  1                  1                  0                  0
 "MB"                       88.84000769    1.506962838e-18       0.9999739259                  1    9.341371956e-09                  0
 "DRIFT_12"                 90.29999231   -5.082197684e-20                  1                  1                  0                  0
 "MB"                       104.5000077    9.192280768e-19       0.9999739259                  1    9.341371956e-09                  0
 "DRIFT_13"                      105.77   -3.388131789e-20                  1                  1                  0                  0
 "BPH"                           106.07   -3.303428494e-20                  1                  1                  0                  0
 "DRIFT_14"                      106.92    1.355252716e-20                  1                  1                  0                  0
 "BB"                            106.92                  0                  1                  1                  0                  0
 "STARTEND"                      106.92                  0                  1                  1                  0                  0
 "PARTSTART"                     106.92                  0                  1                  1                  0                  0
 "QF.2"                          110.02                  0        1.042224749                  1                  0                  0
 "DRIFT_15"                     110.185    2.339928517e-20                  1                  1                  0                  0
 "MSCBH"                        111.285    -2.85615776e-15       0.9999943998                  1     0.006004411526                  0
 "CBH.2"                        111.285                  0                  1                  1                  0                  0
 "DRIFT_16"                 112.4399923   -7.411538288e-21                  1                  1                  0                  0
 "MB"                       126.6400077   -7.094680694e-22       0.9999739911                  1    9.341371956e-09                  0
 "DRIFT_17"                 128.0999923   -2.424631812e-20                  1                  1                  0                  0
 "MB"                       142.3000077   -3.935798735e-20       0.9999739911                  1    9.341371956e-09                  0
 "DRIFT_18"                 143.7599923    8.946785505e-21                  1                  1                  0                  0
 "MB"                       157.9600077   -5.626299175e-20       0.9999739911                  1    9.341371956e-09                  0
 "DRIFT_19"                      159.23   -1.506130459e-20                  1                  1                  0                  0
 "BPV"                           159.53     1.07004084e-20                  1                  1                  0                  0
 "DRIFT_20"                      160.38   -1.585539798e-20                  1                  1                  0                  0
 "QD.2"                          163.48    6.882142696e-21       0.9583553532                  1                  0                  0
 "BB"                            163.48                  0                  1                  1                  0                  0
 "DRIFT_21"                     163.645   -1.355252716e-20                  1                  1                  0                  0
 "MSCBV"                        164.745   -1.012553838e-14        1.000010769                  1     -0.01198543811                  0
 "CBV.2"                        164.745                  0                  1                  1                  0                  0
 "DRIFT_22"                 165.8999923    8.470329473e-21                  1                  1                  0                  0
 "MB"                       180.1000077     1.87532702e-19       0.9999739264                  1    9.341371956e-09                  0
 "DRIFT_23"                 181.5599923   -3.388131789e-21                  1                  1                  0                  0
 "MB"                       195.7600077    -5.38849394e-19       0.9999739264                  1    9.341371956e-09                  0
 "DRIFT_24"                 197.2199923    3.388131789e-21                  1                  1                  0                  0
 "MB"                       211.4200077   -1.140129967e-18       0.9999739264                  1    9.341371956e-09                  0
 "DRIFT_25"                      212.69    1.355252716e-20                  1                  1                  0                  0
 "BPH"                           212.99   -1.228197774e-20                  1                  1                  0                  0
 "DRIFT_26"                      213.84   -8.470329473e-21                  1                  1                  0                  0
 "PARTEND"                       213.84                  0                  1                  1                  0                  0
 "QF.3"                          216.94   -6.776263578e-21        1.042224749                  1                  0                  0
 "DRIFT_27"                     217.105    1.101142831e-20                  1                  1                  0                  0
 "MSCBH"                        218.205    1.717864623e-15        1.000002763                  1     0.006004411526                  0
 "CBH.3"                        218.205                  0                  1                  1                  0                  0
 "DRIFT_28"                 219.3599923    1.694065895e-20                  1                  1                  0                  0
 "MB"                       233.5600077   -1.410906881e-18       0.9999738994                  1    9.341371956e-09                  0
 "DRIFT_29"                 235.0199923   -3.726944968e-20                  1                  1                  0                  0
 "MB"                       249.2200077   -2.913401282e-18       0.9999738994                  1    9.341371956e-09                  0
 "DRIFT_30"                 250.6799923    5.082197684e-20                  1                  1                  0                  0
 "MB"                       264.8800077   -4.867111998e-18       0.9999738994                  1    9.341371956e-09                  0
 "DRIFT_31"                      266.15   -1.084202172e-19                  1                  1                  0                  0
 "BPV"                           266.45   -2.964615315e-20                  1                  1                  0                  0
 "DRIFT_32"                       267.3    1.694065895e-20                  1                  1                  0                  0
 "QD.3"                           270.4   -2.032879073e-20       0.9583553532                  1                  0                  0
 "DRIFT_33"                     270.565   -3.896351557e-20                  1                  1                  0                  0
 "MSCBV"                        271.665    1.328425653e-13       0.9999731918                  1     -0.01198543811                  0
 "CBV.3"                        271.665                  0                  1                  1                  0                  0
 "DRIFT_34"                 272.8199923    1.355252716e-20                  1                  1                  0                  0
 "MB"                       287.0200077   -2.360433705e-18       0.9999740554                  1    9.341371956e-09                  0
 "DRIFT_35"                 288.4799923    1.016439537e-20                  1                  1                  0                  0
 "MB"                       302.6800077   -1.623337771e-18       0.9999740554                  1    9.341371956e-09                  0
 "DRIFT_36"                 304.1399923   -6.776263578e-21                  1                  1                  0                  0
 "MB"                       318.3400077   -9.390855244e-19       0.9999740554                  1    9.341371956e-09                  0
 "DRIFT_37"                      319.61                  0                  1                  1                  0                  0
 "BPH"                           319.91    1.863472484e-20                  1                  1                  0                  0
 "DRIFT_38"                      320.76    1.694065895e-21                  1                  1                  0                  0
 "QF.4"                          323.86   -1.305314637e-05        1.042224745                  1                  0                  0
 "DRIFT_39"                     324.025   -2.117582368e-21                  1                  1                  0                  0
 "MSCBH"                        325.125    2.436976718e-15        1.000005305                  1     0.006004411526                  0
 "CBH.4"                        325.125                  0                  1                  1                  0                  0
 "DRIFT_40"                 326.2799923    2.202285663e-20                  1                  1                  0                  0
 "MB"                       340.4800077    9.350352305e-21       0.9999740554                  1    9.341371956e-09                  0
 "DRIFT_41"                 341.9399923    3.388131789e-21                  1                  1                  0                  0
 "MB"                       356.1400077    5.864315475e-19       0.9999740554                  1    9.341371956e-09                  0
 "DRIFT_42"                 357.5999923                  0                  1                  1                  0                  0
 "MB"                       371.8000077    1.242913501e-18       0.9999740554                  1    9.341371956e-09                  0
 "DRIFT_43"                      373.07                  0                  1                  1                  0                  0
 "BPV"                           373.37    1.101142831e-20                  1                  1                  0                  0
 "DRIFT_44"                      374.22   -6.776263578e-21                  1                  1                  0                  0
 "QD.4"                          377.32    1.294608156e-05       0.9583553569                  1                  0                  0
 "DRIFT_45"                     377.485    3.811648263e-21                  1                  1                  0                  0
 "MSCBV"                        378.585   -5.720735596e-15        1.000005042                  1     -0.01198543811                  0
 "CBV.4"                        378.585                  0                  1                  1                  0                  0
 "DRIFT_46"                 379.7399923     9.31736242e-21                  1                  1                  0                  0
 "MB"                       393.9400077   -1.026437708e-18       0.9999739624                  1    9.341371956e-09                  0
 "DRIFT_47"                 395.3999923    5.082197684e-21                  1                  1                  0                  0
 "MB"                       409.6000077   -1.600055551e-18       0.9999739624                  1    9.341371956e-09                  0
 "DRIFT_48"                 411.0599923    1.694065895e-21                  1                  1                  0                  0
 "MB"                       425.2600077   -2.193603963e-18       0.9999739624                  1    9.341371956e-09                  0
 "DRIFT_49"                      426.53   -2.541098842e-21                  1                  1                  0                  0
 "BPH"                           426.83   -1.482307658e-21                  1                  1                  0                  0
 "DRIFT_50"                      427.68                  0                  1                  1                  0                  0
 "QF.5"                          430.78   -1.305314637e-05        1.042224745                  1                  0                  0
 "DRIFT_51"                     430.945    2.858736197e-21                  1                  1                  0                  0
 "MSCBH"                        432.045    1.793715222e-15        1.000000785                  1     0.006004411526                  0
 "CBH.5"                        432.045                  0                  1                  1                  0                  0
 "DRIFT_52"                 433.1999923                  0                  1                  1                  0                  0
 "MB"                       447.4000077   -1.664964601e-18       0.9999740172                  1    9.341371956e-09                  0
 "DRIFT_53"                 448.8599923                  0                  1                  1                  0                  0
 "MB"                       463.0600077   -1.051032085e-18       0.9999740172                  1    9.341371956e-09                  0
 "DRIFT_54"                 464.5199923    3.388131789e-21                  1                  1                  0                  0
 "MB"                       478.7200077   -5.429921504e-19       0.9999740172                  1    9.341371956e-09                  0
 "DRIFT_55"                      479.99    -9.31736242e-21                  1                  1                  0                  0
 "BPV"                           480.29   -7.411538288e-21                  1                  1                  0                  0
 "DRIFT_56"                      481.14    5.082197684e-21                  1                  1                  0                  0
 "QD.5"                          484.24   -3.388131789e-21       0.9583553532                  1                  0                  0
 "DRIFT_57"                     484.405    5.102050018e-21                  1                  1                  0                  0
 "MSCBV"                        485.505   -5.401841948e-15         1.00000496                  1     -0.01198543811                  0
 "CBV.5"                        485.505                  0                  1                  1                  0                  0
 "DRIFT_58"                 486.6599923    1.852884572e-21                  1                  1                  0                  0
 "MB"                       500.8600077    1.673172402e-20        0.999973989                  1    9.341371956e-09                  0
 "DRIFT_59"                 502.3199923   -6.246867986e-21                  1                  1                  0                  0
 "MB"                       516.5200077   -3.040179211e-20        0.999973989                  1    9.341371956e-09                  0
 "DRIFT_60"                 517.9799923    7.676236084e-21                  1                  1                  0                  0
 "MB"                       532.1800077   -1.688800933e-20        0.999973989                  1    9.341371956e-09                  0
 "DRIFT_61"                      533.45    8.946785505e-21                  1                  1                  0                  0
 "BPH"                           533.75    1.293048734e-20                  1                  1                  0                  0
 "DRIFT_62"                       534.6   -2.382280164e-22                  1                  1                  0                  0
 "END_FIVECELL"                   534.6                  0                  1                  1                  0                  0
 "FIVECELL$END"                   534.6                  0                  1                  1                  0                  0
