
  ++++++++++++++++++++++++++++++++++++++++++++
  +     MAD-X 5.05.01  (64 bit, Darwin)      +
  + Support: mad@cern.ch, http://cern.ch/mad +
  + Release   date: 2019.06.07               +
  + Execution date: 2019.06.07 17:54:25      +
  ++++++++++++++++++++++++++++++++++++++++++++
Beam, SEQUENCE=Machine, PARTICLE=electron, energy=3, RADIATE=True;

Option, RBARC=FALSE;



OPTION, -ECHO, -WARN, INFO;



Use, period=Machine;

Show, beam%machine;

command: beam  module: control
parameter: particle   string: electron
parameter: sequence   string: machine
parameter: bunched   logical: true
parameter: radiate   logical: true
parameter: mass   double value:    0.0005109989461
parameter: charge   double value:                 -1
parameter: energy   double value:                  3
parameter: pc   double value:        2.999999956
parameter: gamma   double value:        5870.853595
parameter: beta   double value:       0.9999999855
parameter: brho   double value:        10.00692271
parameter: ex   double value:                  1
parameter: exn   double value:         5870.85351
parameter: ey   double value:                  1
parameter: eyn   double value:         5870.85351
parameter: et   double value:              0.001
parameter: sigt   double value:                  1
parameter: sige   double value:              0.001
parameter: kbunch   double value:                  1
parameter: npart   double value:                  0
parameter: bcurrent   double value:                  0
parameter: freq0   double value:                  0
parameter: circ   double value:                  0
parameter: dtbyds   double value:                  0
parameter: deltap   double value:                  0
parameter: alfa   double value:    2.901332477e-08
parameter: u0   double value:                  0
parameter: qs   double value:                  0
parameter: arad   double value:    2.817940323e-15
parameter: bv   double value:                  1
parameter: pdamp   double array: 1.000000e+00 1.000000e+00 2.000000e+00 
parameter: n1min   double value:                 -1
Twiss;

enter Twiss module
  
iteration:   1 error:   2.157363E-04 deltap:   0.000000E+00
orbit:  -4.599789E-09 -1.532396E-07 -1.254925E-20 -5.010531E-21 -2.166246E-03  2.998543E-08
  
iteration:   2 error:   9.315625E-07 deltap:   0.000000E+00
orbit:   6.830763E-10 -1.536905E-07 -2.673971E-21  1.206394E-21 -2.156961E-03 -2.238259E-10
++++++ warning: TWCPGO:  TWISS uses the RF system or synchrotron radiation only to find the closed orbit, for optical calculations it ignores both.

++++++ table: summ

            length             orbit5               alfa            gammatr 
         67.200074     0.002156961062    0.0008829339349        33.65393841 

                q1                dq1            betxmax              dxmax 
       4.544746479        0.328048408        17.73701551       0.2344520761 

             dxrms             xcomax             xcorms                 q2 
      0.1455152745    1.388446724e-05    5.588612801e-06        2.093002374 

               dq2            betymax              dymax              dyrms 
      0.1526852447        19.36580268    5.258279369e-16    2.861171912e-16 

            ycomax             ycorms             deltap            synch_1 
   7.083666808e-21     2.63730488e-21                  0                  0 

           synch_2            synch_3            synch_4            synch_5 
                 0                  0                  0                  0 

            nflips 
                 0 
Emit, DELTAP=0.0 ;

enter EMIT module
 
 Global parameters for electrons, radiate = T:

 C                  67.200074 m          f0               4.461192314 MHz
 T0              0.2241553221 musecs     alfa         0.0008829339203 
 eta           0.000882904907            gamma(tr)        33.65393868 
 Bcurrent                   0 A/bunch    Kbunch             1 
 Npart                      0 /bunch     Energy                     3 GeV 
 gamma            5870.853595            beta            0.9999999855
 dtbyds                     0
     U0              0.254202 [MeV/turn]
 
                                                  M o d e   1         M o d e   2         M o d e   3
 Fractional tunes            undamped              0.54473120          0.09300237          0.01229083
                             damped                0.54473120          0.09300237          0.01229083
 
 beta* [m]                   x                 0.11192592E+02      0.13010552E-29      0.19146961E-02
                             y                 0.42830908E-30      0.59288108E+01      0.13461397E-30
                             t                 0.27866856E-01      0.74899480E-29      0.76902873E+00
 
 gamma* [1/m]                px                0.89342399E-01      0.24660956E-30      0.96685603E-07
                             py                0.99788209E-31      0.16866790E+00      0.27566030E-30
                             pt                0.67029607E-08      0.70547583E-31      0.13003062E+01
 
 beta(max) [m]               x                 0.17732390E+02      0.27702132E-28      0.63317975E-02
                             y                 0.51653677E-29      0.19365803E+02      0.19253181E-30
                             t                 0.71609725E-01      0.24320037E-28      0.76902874E+00
 
 gamma(max) [1/m]            px                0.58774952E+01      0.68400579E-29      0.49283519E-05
                             py                0.15165232E-29      0.41245501E+01      0.29927911E-30
                             pt                0.26021594E-01      0.53905911E-29      0.13022468E+01
 
 Damping partition numbers                         1.49533276          1.00000032          1.50467344
 Damping constants [1/s]                           0.28262935E+03      0.18900772E+03      0.28439481E+03
 Damping times [s]                                 0.35382030E-02      0.52907891E-02      0.35162386E-02
 Emittances [pi micro m]                       0.11259322E-02      0.27519820E-30      0.95690415E+00

 EMIT: beam parameters have been updated.

 RF system: 
 Cavity                      length[m]        voltage[MV]                lag          freq[MHz]             harmon
 rfc                               0.5                3.6               0.48        1998.614157                448
Show, beam%machine;

command: beam  module: control
parameter: particle   string: electron
parameter: sequence   string: machine
parameter: bunched   logical: true
parameter: radiate   logical: true
parameter: mass   double value:    0.0005109989461
parameter: charge   double value:                 -1
parameter: energy   double value:                  3
parameter: pc   double value:        2.999999956
parameter: gamma   double value:        5870.853595
parameter: beta   double value:       0.9999999855
parameter: brho   double value:        10.00692271
parameter: ex   double value:    1.125932175e-09
parameter: exn   double value:    6.610182862e-06
parameter: ey   double value:    2.751981994e-37
parameter: eyn   double value:    1.615648315e-33
parameter: et   double value:    9.569041543e-07
parameter: sigt   double value:    0.0008578396932
parameter: sige   double value:     0.001115467778
parameter: kbunch   double value:                  1
parameter: npart   double value:                  0
parameter: bcurrent   double value:                  0
parameter: freq0   double value:        4.461192314
parameter: circ   double value:          67.200074
parameter: dtbyds   double value:                  0
parameter: deltap   double value:                  0
parameter: alfa   double value:    2.901332477e-08
parameter: u0   double value:    0.0002542024392
parameter: qs   double value:      0.01229083024
parameter: arad   double value:    2.817940323e-15
parameter: bv   double value:                  1
parameter: pdamp   double array: 1.495333e+00 1.000000e+00 1.504673e+00 
parameter: n1min   double value:                 -1


!The result of H emittance computed this way is: 0.11212603E-02 [pi micro m] 

!But it is wrong due to the fact that the variations of the twiss functions inside

!the bendings  are not taken into account. To solve this the best thing to do

!is to slice the sbends in 28 thick slices:



Beam, SEQUENCE=Machine2, PARTICLE=electron, energy=3, RADIATE=True;



Use, period=Machine2;

Show, beam%machine2;

command: beam  module: control
parameter: particle   string: electron
parameter: sequence   string: machine2
parameter: bunched   logical: true
parameter: radiate   logical: true
parameter: mass   double value:    0.0005109989461
parameter: charge   double value:                 -1
parameter: energy   double value:                  3
parameter: pc   double value:        2.999999956
parameter: gamma   double value:        5870.853595
parameter: beta   double value:       0.9999999855
parameter: brho   double value:        10.00692271
parameter: ex   double value:                  1
parameter: exn   double value:         5870.85351
parameter: ey   double value:                  1
parameter: eyn   double value:         5870.85351
parameter: et   double value:              0.001
parameter: sigt   double value:                  1
parameter: sige   double value:              0.001
parameter: kbunch   double value:                  1
parameter: npart   double value:                  0
parameter: bcurrent   double value:                  0
parameter: freq0   double value:                  0
parameter: circ   double value:                  0
parameter: dtbyds   double value:                  0
parameter: deltap   double value:                  0
parameter: alfa   double value:    2.901332477e-08
parameter: u0   double value:                  0
parameter: qs   double value:                  0
parameter: arad   double value:    2.817940323e-15
parameter: bv   double value:                  1
parameter: pdamp   double array: 1.000000e+00 1.000000e+00 2.000000e+00 
parameter: n1min   double value:                 -1
Twiss;

enter Twiss module
  
iteration:   1 error:   2.157346E-04 deltap:   0.000000E+00
orbit:  -4.265993E-09 -1.522421E-07  1.565806E-20  2.054753E-21 -2.166229E-03  2.994453E-08
  
iteration:   2 error:   9.296620E-07 deltap:   0.000000E+00
orbit:   8.638867E-10 -1.527012E-07  8.791553E-21  2.764023E-21 -2.156963E-03 -1.958219E-10
++++++ warning: TWCPGO:  TWISS uses the RF system or synchrotron radiation only to find the closed orbit, for optical calculations it ignores both.

++++++ table: summ

            length             orbit5               alfa            gammatr 
         67.200074      0.00215696329    0.0008829339353         33.6539384 

                q1                dq1            betxmax              dxmax 
       4.544746479       0.3280501793        17.73759903       0.2344530234 

             dxrms             xcomax             xcorms                 q2 
     0.09739666865    1.418133583e-05    3.995477334e-06        2.093002372 

               dq2            betymax              dymax              dyrms 
       0.152681934        24.82321137     4.11798781e-16    2.226898956e-16 

            ycomax             ycorms             deltap            synch_1 
    3.73068033e-20    1.984358608e-20                  0                  0 

           synch_2            synch_3            synch_4            synch_5 
                 0                  0                  0                  0 

            nflips 
                 0 
Emit, DELTAP=0.0 ;

enter EMIT module
 
 Global parameters for electrons, radiate = T:

 C                  67.200074 m          f0               4.461192314 MHz
 T0              0.2241553221 musecs     alfa         0.0008829339203 
 eta           0.000882904907            gamma(tr)        33.65393868 
 Bcurrent                   0 A/bunch    Kbunch             1 
 Npart                      0 /bunch     Energy                     3 GeV 
 gamma            5870.853595            beta            0.9999999855
 dtbyds                     0
     U0              0.254202 [MeV/turn]
 
                                                  M o d e   1         M o d e   2         M o d e   3
 Fractional tunes            undamped              0.54473120          0.09300237          0.01229083
                             damped                0.54473120          0.09300237          0.01229082
 
 beta* [m]                   x                 0.11192592E+02      0.50132093E-29      0.19146961E-02
                             y                 0.24489317E-29      0.59288110E+01      0.15434933E-31
                             t                 0.27866856E-01      0.30576191E-29      0.76902873E+00
 
 gamma* [1/m]                px                0.89342402E-01      0.31772759E-31      0.96685602E-07
                             py                0.48707474E-31      0.16866791E+00      0.29358016E-30
                             pt                0.66991203E-08      0.63513043E-31      0.13003062E+01
 
 beta(max) [m]               x                 0.17732973E+02      0.28699915E-28      0.82592093E-02
                             y                 0.10326042E-28      0.24823211E+02      0.54295807E-31
                             t                 0.71610288E-01      0.21118454E-28      0.76904712E+00
 
 gamma(max) [1/m]            px                0.58776605E+01      0.45685538E-29      0.49283518E-05
                             py                0.35953802E-29      0.41248810E+01      0.29358016E-30
                             pt                0.26021781E-01      0.35925532E-29      0.13022468E+01
 
 Damping partition numbers                         1.29624117          1.00000041          1.70376019
 Damping constants [1/s]                           0.24499886E+03      0.18900724E+03      0.32202288E+03
 Damping times [s]                                 0.40816516E-02      0.52908026E-02      0.31053694E-02
 Emittances [pi micro m]                       0.44845305E-02      0.59353367E-31      0.84509855E+00

 EMIT: beam parameters have been updated.

 RF system: 
 Cavity                      length[m]        voltage[MV]                lag          freq[MHz]             harmon
 rfc                               0.5                3.6               0.48        1998.614157                448
!

!Now the emittance is correct: 0.44845315E-02 

!

Show, beam%machine2;

command: beam  module: control
parameter: particle   string: electron
parameter: sequence   string: machine2
parameter: bunched   logical: true
parameter: radiate   logical: true
parameter: mass   double value:    0.0005109989461
parameter: charge   double value:                 -1
parameter: energy   double value:                  3
parameter: pc   double value:        2.999999956
parameter: gamma   double value:        5870.853595
parameter: beta   double value:       0.9999999855
parameter: brho   double value:        10.00692271
parameter: ex   double value:    4.484530517e-09
parameter: exn   double value:    2.632802173e-05
parameter: ey   double value:    5.935336675e-38
parameter: eyn   double value:    3.484549215e-34
parameter: et   double value:    8.450985528e-07
parameter: sigt   double value:    0.0008061722208
parameter: sige   double value:     0.001048278042
parameter: kbunch   double value:                  1
parameter: npart   double value:                  0
parameter: bcurrent   double value:                  0
parameter: freq0   double value:        4.461192314
parameter: circ   double value:          67.200074
parameter: dtbyds   double value:                  0
parameter: deltap   double value:                  0
parameter: alfa   double value:    2.901332477e-08
parameter: u0   double value:    0.0002542017677
parameter: qs   double value:      0.01229083026
parameter: arad   double value:    2.817940323e-15
parameter: bv   double value:                  1
parameter: pdamp   double array: 1.296241e+00 1.000000e+00 1.703760e+00 
parameter: n1min   double value:                 -1


SELECT, FLAG=TWISS, CLEAR;

SELECT, FLAG=TWISS, CLASS=QUADRUPOLE, COLUMN=NAME,S,BETX,BETY;



USE, SEQUENCE=Machine;

TWISS, SEQUENCE=Machine, FILE="twiss1";

enter Twiss module
  
iteration:   1 error:   2.157363E-04 deltap:   0.000000E+00
orbit:  -4.599789E-09 -1.532396E-07 -1.254925E-20 -5.010531E-21 -2.166246E-03  2.998543E-08
  
iteration:   2 error:   9.315625E-07 deltap:   0.000000E+00
orbit:   6.830763E-10 -1.536905E-07 -2.673971E-21  1.206394E-21 -2.156961E-03 -2.238259E-10
++++++ warning: TWCPGO:  TWISS uses the RF system or synchrotron radiation only to find the closed orbit, for optical calculations it ignores both.

++++++ table: summ

            length             orbit5               alfa            gammatr 
         67.200074     0.002156961062    0.0008829339349        33.65393841 

                q1                dq1            betxmax              dxmax 
       4.544746479        0.328048408        17.73701551       0.2344520761 

             dxrms             xcomax             xcorms                 q2 
      0.1455152745    1.388446724e-05    5.588612801e-06        2.093002374 

               dq2            betymax              dymax              dyrms 
      0.1526852447        19.36580268    5.258279369e-16    2.861171912e-16 

            ycomax             ycorms             deltap            synch_1 
   7.083666808e-21     2.63730488e-21                  0                  0 

           synch_2            synch_3            synch_4            synch_5 
                 0                  0                  0                  0 

            nflips 
                 0 


stop;


  Number of warnings: 3
0 in C and 3 in Fortran

  ++++++++++++++++++++++++++++++++++++++++++++
  +          MAD-X finished normally         +
  ++++++++++++++++++++++++++++++++++++++++++++
