@ NAME             %08s "MYKTABLE"
@ TYPE             %04s "USER"
@ TITLE            %08s "no-title"
@ ORIGIN           %16s "5.05.02 Linux 64"
@ DATE             %08s "29/07/20"
@ TIME             %08s "22.03.24"
*           KQ5.L5B1           KQ4.L5B1           KQ5.R5B1           KQ4.R5B1           KQ5.L1B1           KQ4.L1B1           KQ5.R1B1           KQ4.R1B1 
$                %le                %le                %le                %le                %le                %le                %le                %le 
    -0.001631339621     0.002520713076     0.001153504471     -0.00235149714    -0.001347181043     0.002296964069     0.001221426473     -0.00242712762
